// Jest Snapshot v1, https://goo.gl/fbAQLP

exports[`FlowerList matches snapshot 1`] = `
<DocumentFragment>
  <div
    class="p-4 my-16 mx-2"
    id="flowers"
  >
    <div
      class="grid grid-cols-1 md:grid-cols-3 lg:grid-cols-4 gap-5"
    >
      <div
        class="relative h-[22rem]"
      >
        <img
          alt="Rose"
          class="w-full h-full object-cover object-center rounded"
          src="rose.jpg"
        />
        <div
          class="absolute inset-0 flowerItemCard"
        >
          <div
            class="absolute bottom-0 left-0 right-0 bg-opacity-50 flex flex-col justify-center text-center font-ubuntu text-white"
          >
            <h2
              class="text-xl"
            >
              Rose
            </h2>
            <p
              class="text-xs italic mb-5leading-3 opacity-70"
            >
              Rosa
            </p>
            <div
              class="w-full flex items-center justify-center"
            >
              <button
                class="text-white text-center font-ubuntu text-xs leading-3 my-5 bg-[#00000070] rounded-full w-1/2 py-3 px-4 false"
              >
                <p
                  class="text-gray-300"
                >
                  10 sightings
                </p>
              </button>
            </div>
          </div>
        </div>
      </div>
      <div
        class="relative h-[22rem]"
      >
        <img
          alt="Sunflower"
          class="w-full h-full object-cover object-center rounded"
          src="sunflower.jpg"
        />
        <div
          class="absolute inset-0 flowerItemCard"
        >
          <div
            class="absolute bottom-0 left-0 right-0 bg-opacity-50 flex flex-col justify-center text-center font-ubuntu text-white"
          >
            <h2
              class="text-xl"
            >
              Sunflower
            </h2>
            <p
              class="text-xs italic mb-5leading-3 opacity-70"
            >
              Helianthus
            </p>
            <div
              class="w-full flex items-center justify-center"
            >
              <button
                class="text-white text-center font-ubuntu text-xs leading-3 my-5 bg-[#00000070] rounded-full w-1/2 py-3 px-4 false"
              >
                <p
                  class="text-gray-300"
                >
                  15 sightings
                </p>
              </button>
            </div>
          </div>
        </div>
      </div>
    </div>
  </div>
</DocumentFragment>
`;
